// Jest Snapshot v1, https://goo.gl/fbAQLP

exports[`测试完整流程 随机用户登录 /v1/auth/login (POST) 1`] = `
Object {
  "accessToken": Any<String>,
  "expiresIn": Any<Number>,
  "id": Any<String>,
  "username": Any<String>,
}
`;
